    1    2    3    
    4    5    6    
    
    2    2    3    
    4    5    6    
    
    3    2    3    
    1    2    3    

Completion took 13155 ms