    1    3    5    7    9
-- exception at address 20: expression stack overflow

Completion took 3 ms