   55    1    4    3   21    7    2   18    9   12   20    8    a    5    5   10    6    4   20   55    1    5    0    5    4    6   10    1    
truefalse   25   44  555    4   70   22  270   44  500    1    2    1    2    4    5    1    2    3    4    5    6    1    2    3    4    5
Completion took 14863 ms