    1    2    3    4    5   12   24   36   48   60
Completion took 7 ms