    0    1    v   97    
    4    
    6    
    6   18   36   54
Completion took 3621 ms