    9    6    6    5    2    b    c  -10
Completion took 3565 ms